
> termpolis@1.0.0 test
> vitest run

[2m12:06:00 PM[22m [33m[1m[vite][22m[39m [33mwarning: `esbuild` option was specified by "vite:react-babel" plugin. This option is deprecated, please use `oxc` instead.[39m
[2m12:06:00 PM[22m [33m[1m[vite][22m[39m [33mwarning: `optimizeDeps.esbuildOptions` option was specified by "vite:react-babel" plugin. This option is deprecated, please use `optimizeDeps.rolldownOptions` instead.[39m
[33mBoth esbuild and oxc options were set. oxc options will be used and esbuild options will be ignored.[39m The following esbuild options were set: `{ jsx: 'automatic', jsxImportSource: undefined }`

[1m[46m RUN [49m[22m [36mv4.1.0 [39m[90mC:/Users/DavidEngelhart/repos/termpolis[39m


[2m Test Files [22m [1m[32m10 passed[39m[22m[90m (10)[39m
[2m      Tests [22m [1m[32m31 passed[39m[22m[90m (31)[39m
[2m   Start at [22m 12:06:00
[2m   Duration [22m 6.13s[2m (transform 385ms, setup 3.25s, import 1.84s, tests 803ms, environment 41.20s)[22m

